==============================================================================
INTENT -> IMPLEMENTATION -> BUDGETED RECOVERY -> COMPARISON
==============================================================================

[E-0] Does the budget actually control difficulty? (20 random programs)
    budget   mean fidelity      sd   fully recovered
         4           0.565   0.232              0.05
         6           0.738   0.233              0.25
         8           0.758   0.212              0.15
        10           0.784   0.221              0.15
        14           0.814   0.226              0.40
        20           0.876   0.198              0.40
        30           0.910   0.176              0.60
   -> a loose budget recovers most programs (little signal left);
      a tight budget separates them. The limit IS the signal.

[E-A] Is the metric anisotropic? (if it were isotropic it would add nothing)
   budget  6: JND per direction 0.005 0.006 0.008 0.010 0.013 0.018 0.060 0.300   ratio max/min = 54.7x
   budget 12: JND per direction 0.005 0.006 0.006 0.007 0.007 0.017 0.020 0.114   ratio max/min = 22.3x

[E-B] Does the staircase find the 50% point on its own?
   budget/pass-rate trace: 20:0.83  17:0.67  15:0.67  12:0.50  14:0.67  14:0.67  11:0.33  11:0.50  11:0.33
   settled at budget 12

[E-C] Four arms x 8 seeds. Truth = fidelity across the whole budget ladder,
      which NO arm optimises (each is only ever scored at its current budget).
   ladder (4, 6, 8, 10, 14, 20)

   arm                 ladder mean   far-from-training   final budget
   scalar+fixed        0.834 ±0.036        0.687 ±0.058      14.0 ±0.0
   scalar+escalate     0.862 ±0.052        0.853 ±0.083       7.9 ±3.7
   metric+fixed        0.893 ±0.032        0.790 ±0.052      14.0 ±0.0
   metric+escalate     0.868 ±0.036        0.914 ±0.038       5.1 ±0.9

   frontier over time (mean ladder truth at t=20 / 40 / 60; plateau test:
   paired Δ(60-40) against 2 standard errors):
   scalar+fixed       0.794 -> 0.814 -> 0.834   Δ(60-40) = +0.020 ± 0.008  -> still rising
   scalar+escalate    0.797 -> 0.822 -> 0.862   Δ(60-40) = +0.040 ± 0.020  -> plateaued
   metric+fixed       0.825 -> 0.890 -> 0.893   Δ(60-40) = +0.003 ± 0.009  -> plateaued
   metric+escalate    0.829 -> 0.863 -> 0.868   Δ(60-40) = +0.005 ± 0.015  -> plateaued

   paired contrasts (same seeds, so the comparison is paired):
     metric vs scalar, escalating  Δladder = +0.006 ± 0.021 (2se)  -> NOT significant
     metric vs scalar, fixed       Δladder = +0.059 ± 0.020 (2se)  -> significant
     escalating vs fixed, metric   Δladder = -0.025 ± 0.024 (2se)  -> NOT significant
     escalating vs fixed, scalar   Δladder = +0.028 ± 0.025 (2se)  -> NOT significant

------------------------------------------------------------------------------
read: 'far-from-training' averages only budgets at least 2x away from where
      that arm's staircase settled, so it cannot be earned by training there.
EXIT=0
